// Jest Snapshot v1, https://goo.gl/fbAQLP

exports[`should render DetailCase component and compare with snapshot 1`] = `ShallowWrapper {}`;
