// Jest Snapshot v1, https://goo.gl/fbAQLP

exports[`should render LoginScreen and compare with snapshot 1`] = `
<View
  style={
    Object {
      "backgroundColor": "#fff",
      "flex": 1,
      "height": 1334,
    }
  }
>
  <View
    style={
      Object {
        "backgroundColor": "#226597",
        "height": 284,
      }
    }
  />
  <RCTScrollView
    automaticallyAdjustContentInsets={false}
    contentContainerStyle={
      Array [
        Object {
          "padding": undefined,
        },
        undefined,
      ]
    }
    contentInset={
      Object {
        "bottom": 0,
      }
    }
    enableAutomaticScroll={true}
    enableOnAndroid={false}
    enableResetScrollToCoords={true}
    extraHeight={75}
    extraScrollHeight={0}
    getScrollResponder={[Function]}
    handleOnScroll={[Function]}
    keyboardDismissMode="interactive"
    keyboardOpeningTime={250}
    keyboardShouldPersistTaps="handled"
    keyboardSpace={0}
    onScroll={[Function]}
    resetKeyboardSpace={[Function]}
    resetScrollToCoords={
      Object {
        "x": 0,
        "y": 0,
      }
    }
    scrollEventThrottle={1}
    scrollForExtraHeightOnAndroid={[Function]}
    scrollIntoView={[Function]}
    scrollToEnd={[Function]}
    scrollToFocusedInput={[Function]}
    scrollToPosition={[Function]}
    showsVerticalScrollIndicator={true}
    style={
      Object {
        "backgroundColor": "transparent",
        "flex": 1,
      }
    }
    update={[Function]}
    viewIsInsideTabBar={false}
  >
    <View>
      <View
        style={
          Object {
            "height": 70,
            "marginBottom": 16,
            "marginTop": 8,
          }
        }
      >
        <Text
          style={
            Object {
              "color": "#000",
              "fontFamily": "System",
              "fontSize": 16,
            }
          }
          uppercase={false}
        >
          Telepon
        </Text>
        <TextInput
          allowFontScaling={true}
          autoCapitalize="none"
          onChangeText={[Function]}
          placeholder="08XXXXX"
          placeholderTextColor="#bfc6ea"
          rejectResponderTermination={true}
          style={
            Object {
              "backgroundColor": "#ECF0F3",
              "marginTop": 2,
            }
          }
          underlineColorAndroid="transparent"
          value=""
        />
      </View>
      <View
        style={
          Object {
            "height": 70,
            "marginBottom": 16,
            "marginTop": 8,
          }
        }
      >
        <Text
          style={
            Object {
              "color": "#000",
              "fontFamily": "System",
              "fontSize": 16,
            }
          }
          uppercase={false}
        >
          Sandi
        </Text>
        <TextInput
          allowFontScaling={true}
          autoCapitalize="none"
          onChangeText={[Function]}
          placeholder="Sandi"
          placeholderTextColor="#bfc6ea"
          rejectResponderTermination={true}
          secureTextEntry={true}
          style={
            Object {
              "backgroundColor": "#ECF0F3",
              "marginTop": 2,
            }
          }
          underlineColorAndroid="transparent"
          value=""
        />
      </View>
      <View
        style={
          Object {
            "marginTop": 30,
          }
        }
      >
        <View
          accessible={true}
          clickable={true}
          isTVSelectable={true}
          onClick={[Function]}
          onResponderGrant={[Function]}
          onResponderMove={[Function]}
          onResponderRelease={[Function]}
          onResponderTerminate={[Function]}
          onResponderTerminationRequest={[Function]}
          onStartShouldSetResponder={[Function]}
          style={
            Object {
              "alignItems": "center",
              "backgroundColor": "#007aff",
              "borderBottomWidth": null,
              "borderColor": "#007aff",
              "borderLeftWidth": null,
              "borderRadius": 5,
              "borderRightWidth": null,
              "borderTopWidth": null,
              "borderWidth": undefined,
              "elevation": 2,
              "flexDirection": "row",
              "height": 50,
              "justifyContent": "center",
              "opacity": 1,
              "paddingBottom": 6,
              "paddingTop": 6,
              "shadowColor": undefined,
              "shadowOffset": undefined,
              "shadowOpacity": undefined,
              "shadowRadius": undefined,
            }
          }
        >
          <Text
            style={
              Object {
                "backgroundColor": "transparent",
                "color": "#fff",
                "fontFamily": "System",
                "fontSize": 16.5,
                "marginLeft": 0,
                "marginRight": 0,
                "paddingLeft": 16,
                "paddingRight": 16,
              }
            }
            uppercase={false}
          >
             Masuk 
          </Text>
        </View>
      </View>
    </View>
  </RCTScrollView>
</View>
`;
